// Jest Snapshot v1, https://goo.gl/fbAQLP

exports[`Screen test Snapshot  1`] = `undefined`;

exports[`Screen test Snapshot  2`] = `undefined`;
