// Jest Snapshot v1, https://goo.gl/fbAQLP

exports[`Screen test Snapshot with loading as true  1`] = `undefined`;

exports[`Screen test Snapshot with loading as true  2`] = `undefined`;
