// Jest Snapshot v1, https://goo.gl/fbAQLP

exports[`Component testing Snapshot with loading as true 1`] = `
<View>
  <mockedDefaultExport
    colors={
      Array [
        "#00416A",
        "#00416A",
        "#E4E5E6",
      ]
    }
    end={
      Object {
        "x": 0.1,
        "y": 3,
      }
    }
    locations={
      Array [
        0,
        0.5,
        0.6,
      ]
    }
    start={
      Object {
        "x": 0,
        "y": 0.5,
      }
    }
    style={
      Object {
        "alignItems": "center",
        "height": 200,
        "justifyContent": "center",
        "width": 750,
      }
    }
  />
  <View
    style={
      Object {
        "alignSelf": "center",
        "backgroundColor": "white",
        "borderRadius": 20,
        "justifyContent": "center",
        "marginTop": -30,
        "width": 675,
        "zIndex": 5,
      }
    }
  >
    <Text
      style={
        Array [
          Object {
            "color": "#000000",
            "fontFamily": "System",
            "fontWeight": "400",
          },
          Object {
            "textAlign": "left",
          },
          Object {
            "alignSelf": "center",
            "color": "#3A3B3C",
            "fontSize": 30,
            "fontWeight": "500",
            "justifyContent": "center",
            "marginTop": 20,
          },
        ]
      }
    />
    <TextInput
      autoCapitalize="none"
      autoCorrect={false}
      onChangeText={[Function]}
      style={
        Object {
          "alignSelf": "center",
          "backgroundColor": "white",
          "borderRadius": 20,
          "margin": 10,
          "width": 450,
        }
      }
      testID="firstname"
      value=""
    />
    <TextInput
      autoCapitalize="none"
      autoCorrect={false}
      onChangeText={[Function]}
      style={
        Object {
          "alignSelf": "center",
          "backgroundColor": "white",
          "borderRadius": 20,
          "margin": 10,
          "width": 450,
        }
      }
      testID="lastname"
      value=""
    />
    <TextInput
      autoCapitalize="none"
      autoCorrect={false}
      keyboardType="email-address"
      onChangeText={[Function]}
      style={
        Object {
          "alignSelf": "center",
          "backgroundColor": "white",
          "borderRadius": 20,
          "margin": 10,
          "width": 450,
        }
      }
      testID="email"
      textContentType="emailAddress"
      value=""
    />
    <TextInput
      autoCapitalize="none"
      autoCorrect={false}
      onChangeText={[Function]}
      secureTextEntry={true}
      style={
        Object {
          "alignSelf": "center",
          "backgroundColor": "white",
          "borderRadius": 20,
          "margin": 10,
          "width": 450,
        }
      }
      testID="password"
      value=""
    />
    <View
      style={
        Object {
          "alignContent": "center",
          "alignSelf": "center",
          "backgroundColor": "#00416A",
          "borderRadius": 20,
          "flexDirection": "row",
          "justifyContent": "space-between",
          "marginBottom": 20,
          "marginTop": 30,
        }
      }
    >
      <View
        collapsable={false}
        nativeID="animatedComponent"
        style={
          Object {
            "backgroundColor": "transparent",
            "borderColor": "transparent",
            "borderRadius": 4,
            "borderStyle": "solid",
            "borderWidth": 0,
            "elevation": 0,
            "height": 40,
            "marginTop": 1,
            "minWidth": 64,
            "width": 450,
          }
        }
      >
        <View
          accessibilityRole="button"
          accessibilityState={
            Object {
              "disabled": false,
            }
          }
          accessible={true}
          focusable={true}
          onClick={[Function]}
          onResponderGrant={[Function]}
          onResponderMove={[Function]}
          onResponderRelease={[Function]}
          onResponderTerminate={[Function]}
          onResponderTerminationRequest={[Function]}
          onStartShouldSetResponder={[Function]}
          style={
            Array [
              Object {
                "overflow": "hidden",
              },
              Object {
                "borderRadius": 4,
              },
            ]
          }
          testID="submit"
        >
          <View
            style={
              Array [
                Object {
                  "alignItems": "center",
                  "flexDirection": "row",
                  "justifyContent": "center",
                },
                undefined,
              ]
            }
          >
            <Text
              numberOfLines={1}
              selectable={false}
              style={
                Array [
                  Object {
                    "color": "#000000",
                    "fontFamily": "System",
                    "fontWeight": "400",
                  },
                  Object {
                    "textAlign": "left",
                  },
                  Array [
                    Object {
                      "letterSpacing": 1,
                      "marginHorizontal": 16,
                      "marginVertical": 9,
                      "textAlign": "center",
                    },
                    undefined,
                    Object {
                      "textTransform": "uppercase",
                    },
                    Object {
                      "color": "#6200ee",
                      "fontFamily": "System",
                      "fontWeight": "500",
                    },
                    Object {
                      "fontFamily": "System",
                      "fontWeight": "500",
                    },
                    undefined,
                  ],
                ]
              }
            >
              <Text
                style={
                  Array [
                    Object {
                      "color": "#000000",
                      "fontFamily": "System",
                      "fontWeight": "400",
                    },
                    Object {
                      "textAlign": "left",
                    },
                    Object {
                      "color": "white",
                    },
                  ]
                }
              />
            </Text>
          </View>
        </View>
      </View>
    </View>
  </View>
</View>
`;

exports[`Component testing Snapshot with loading as true 2`] = `
<View>
  <mockedDefaultExport
    colors={
      Array [
        "#00416A",
        "#00416A",
        "#E4E5E6",
      ]
    }
    end={
      Object {
        "x": 0.1,
        "y": 3,
      }
    }
    locations={
      Array [
        0,
        0.5,
        0.6,
      ]
    }
    start={
      Object {
        "x": 0,
        "y": 0.5,
      }
    }
    style={
      Object {
        "alignItems": "center",
        "height": 200,
        "justifyContent": "center",
        "width": 750,
      }
    }
  />
  <View
    style={
      Object {
        "alignSelf": "center",
        "backgroundColor": "white",
        "borderRadius": 20,
        "justifyContent": "center",
        "marginTop": -30,
        "width": 675,
        "zIndex": 5,
      }
    }
  >
    <Text
      style={
        Array [
          Object {
            "color": "#000000",
            "fontFamily": "System",
            "fontWeight": "400",
          },
          Object {
            "textAlign": "left",
          },
          Object {
            "alignSelf": "center",
            "color": "#3A3B3C",
            "fontSize": 30,
            "fontWeight": "500",
            "justifyContent": "center",
            "marginTop": 20,
          },
        ]
      }
    />
    <TextInput
      autoCapitalize="none"
      autoCorrect={false}
      onChangeText={[Function]}
      style={
        Object {
          "alignSelf": "center",
          "backgroundColor": "white",
          "borderRadius": 20,
          "margin": 10,
          "width": 450,
        }
      }
      testID="firstname"
      value=""
    />
    <TextInput
      autoCapitalize="none"
      autoCorrect={false}
      onChangeText={[Function]}
      style={
        Object {
          "alignSelf": "center",
          "backgroundColor": "white",
          "borderRadius": 20,
          "margin": 10,
          "width": 450,
        }
      }
      testID="lastname"
      value=""
    />
    <TextInput
      autoCapitalize="none"
      autoCorrect={false}
      keyboardType="email-address"
      onChangeText={[Function]}
      style={
        Object {
          "alignSelf": "center",
          "backgroundColor": "white",
          "borderRadius": 20,
          "margin": 10,
          "width": 450,
        }
      }
      testID="email"
      textContentType="emailAddress"
      value=""
    />
    <TextInput
      autoCapitalize="none"
      autoCorrect={false}
      onChangeText={[Function]}
      secureTextEntry={true}
      style={
        Object {
          "alignSelf": "center",
          "backgroundColor": "white",
          "borderRadius": 20,
          "margin": 10,
          "width": 450,
        }
      }
      testID="password"
      value=""
    />
    <View
      style={
        Object {
          "alignContent": "center",
          "alignSelf": "center",
          "backgroundColor": "#00416A",
          "borderRadius": 20,
          "flexDirection": "row",
          "justifyContent": "space-between",
          "marginBottom": 20,
          "marginTop": 30,
        }
      }
    >
      <View
        collapsable={false}
        nativeID="animatedComponent"
        style={
          Object {
            "backgroundColor": "transparent",
            "borderColor": "transparent",
            "borderRadius": 4,
            "borderStyle": "solid",
            "borderWidth": 0,
            "elevation": 0,
            "height": 40,
            "marginTop": 1,
            "minWidth": 64,
            "width": 450,
          }
        }
      >
        <View
          accessibilityRole="button"
          accessibilityState={
            Object {
              "disabled": false,
            }
          }
          accessible={true}
          focusable={true}
          onClick={[Function]}
          onResponderGrant={[Function]}
          onResponderMove={[Function]}
          onResponderRelease={[Function]}
          onResponderTerminate={[Function]}
          onResponderTerminationRequest={[Function]}
          onStartShouldSetResponder={[Function]}
          style={
            Array [
              Object {
                "overflow": "hidden",
              },
              Object {
                "borderRadius": 4,
              },
            ]
          }
          testID="submit"
        >
          <View
            style={
              Array [
                Object {
                  "alignItems": "center",
                  "flexDirection": "row",
                  "justifyContent": "center",
                },
                undefined,
              ]
            }
          >
            <Text
              numberOfLines={1}
              selectable={false}
              style={
                Array [
                  Object {
                    "color": "#000000",
                    "fontFamily": "System",
                    "fontWeight": "400",
                  },
                  Object {
                    "textAlign": "left",
                  },
                  Array [
                    Object {
                      "letterSpacing": 1,
                      "marginHorizontal": 16,
                      "marginVertical": 9,
                      "textAlign": "center",
                    },
                    undefined,
                    Object {
                      "textTransform": "uppercase",
                    },
                    Object {
                      "color": "#6200ee",
                      "fontFamily": "System",
                      "fontWeight": "500",
                    },
                    Object {
                      "fontFamily": "System",
                      "fontWeight": "500",
                    },
                    undefined,
                  ],
                ]
              }
            >
              <Text
                style={
                  Array [
                    Object {
                      "color": "#000000",
                      "fontFamily": "System",
                      "fontWeight": "400",
                    },
                    Object {
                      "textAlign": "left",
                    },
                    Object {
                      "color": "white",
                    },
                  ]
                }
              />
            </Text>
          </View>
        </View>
      </View>
    </View>
  </View>
</View>
`;
