// Jest Snapshot v1, https://goo.gl/fbAQLP

exports[`Component testing Snapshot  1`] = `
<View
  style={
    Object {
      "alignItems": "center",
      "flex": 1,
      "justifyContent": "flex-start",
    }
  }
<<<<<<< HEAD
/>
=======
>
  <Pdf
    source={
      Object {
        "uri": "https://www.adelaide.edu.au/writingcentre/sites/default/files/docs/learningguide-articlesinenglishgrammar.pdf",
      }
    }
    style={
      Object {
        "height": 1334,
        "width": 750,
      }
    }
  />
</View>
>>>>>>> 44ebcc3db372a8f9d63d4872f4fe55409e5c797f
`;
